// Vitest Snapshot v1, https://vitest.dev/guide/snapshot.html

exports[`CTAButton 컴포넌트 테스트 > ImageButton 스냅샷 테스트 > 버튼의 스냅샷이 일치한다. 1`] = `
.emotion-0 {
  font-family: Hyundai Sans Text KR,sans-serif;
  font-size: 12px;
  font-weight: 500;
  line-height: 18px;
  letter-spacing: -0.03em;
  color: white;
  background-color: #757575;
  border-radius: 20px;
  opacity: 0.5;
  width: 76px;
  height: 28px;
}

<button
  class="emotion-0"
>
  버튼
</button>
`;
